../Core/Src/bed_heater.c:40:13:bed_set_ready_sem	8	static
../Core/Src/bed_heater.c:46:13:bed_clear_ready_sem	8	static
../Core/Src/bed_heater.c:54:13:bed_set_state	16	static
../Core/Src/bed_heater.c:63:23:bed_get_state	16	static
../Core/Src/bed_heater.c:70:16:bed_is_steady_state	16	static
../Core/Src/bed_heater.c:76:13:bed_update_state_from_conditions	24	static
../Core/Src/bed_heater.c:106:13:bed_update_outputs	16	static
../Core/Src/bed_heater.c:114:13:bed_process_queue	16	static
../Core/Src/bed_heater.c:123:13:bed_handle_off_state	16	static
../Core/Src/bed_heater.c:140:13:bed_handle_init_state	16	static
../Core/Src/bed_heater.c:159:13:bed_handle_heating_state	16	static
../Core/Src/bed_heater.c:179:13:bed_handle_holding_state	16	static
../Core/Src/bed_heater.c:202:13:bed_handle_cooling_state	16	static
../Core/Src/bed_heater.c:214:13:bed_handle_fault_state	16	static
../Core/Src/bed_heater.c:222:20:bed_state_name	16	static
../Core/Src/bed_heater.c:236:13:bed_debug_log	80	static
../Core/Src/bed_heater.c:267:13:bed_apply_command	16	static
../Core/Src/bed_heater.c:277:6:BedHeater_ModuleInit	8	static
../Core/Src/bed_heater.c:283:6:BedHeater_Init	72	static
../Core/Src/bed_heater.c:311:6:BedHeater_InitDefault	8	static
../Core/Src/bed_heater.c:316:6:BedHeater_Task	16	static
../Core/Src/bed_heater.c:363:7:BedHeater_ReadTemp	8	static
../Core/Src/bed_heater.c:368:7:BedHeater_GetTemp	8	static
../Core/Src/bed_heater.c:373:6:BedHeater_Update	8	static
../Core/Src/bed_heater.c:378:6:BedHeater_SetTarget	16	static
../Core/Src/bed_heater.c:394:6:BedHeater_Enable	16	static
../Core/Src/bed_heater.c:430:7:BedHeater_GetTarget	8	static
../Core/Src/bed_heater.c:456:9:BedHeater_HasFault	8	static
../Core/Src/bed_heater.c:461:16:BedHeater_GetFaultLevel	8	static
../Core/Src/bed_heater.c:466:6:BedHeater_ClearFault	8	static
../Core/Src/bed_heater.c:471:10:BedHeater_GetDebugFlags	8	static
../Core/Src/bed_heater.c:476:9:BedHeater_IsSteadyState	8	static
../Core/Src/bed_heater.c:481:6:BedHeater_SetPWM	16	static
../Core/Src/bed_heater.c:486:11:BedHeater_GetHandle	8	static
../Core/Src/bed_heater.c:491:6:BedHeater_GetDiagnostics	16	static
