../Core/Src/bed_thermistor.c:36:14:bed_therm_convert_adc_to_temp	40	static
../Core/Src/bed_thermistor.c:90:13:switch_to_bed_channel	40	static
../Core/Src/bed_thermistor.c:104:6:BedTherm_Init	24	static
../Core/Src/bed_thermistor.c:113:10:BedTherm_ReadADC	96	static
../Core/Src/bed_thermistor.c:190:10:BedTherm_ReadADC_Single	24	static
../Core/Src/bed_thermistor.c:217:7:BedTherm_ADCToTemp	16	static
../Core/Src/bed_thermistor.c:222:7:BedTherm_ReadTemp	16	static
../Core/Src/bed_thermistor.c:227:7:BedTherm_GetRawTemp	32	static
../Core/Src/bed_thermistor.c:245:10:BedTherm_GetLastADC	8	static
../Core/Src/bed_thermistor.c:247:9:BedTherm_IsFault	32	static
../Core/Src/bed_thermistor.c:254:21:BedTherm_GetLastStatus	8	static
../Core/Src/bed_thermistor.c:259:13:BedTherm_GetStatusText	16	static
