../Core/Src/gcodefuncs.c:35:17:MotionTrace_NextId	8	static
../Core/Src/gcodefuncs.c:40:14:FeedrateMmMinToMmS	16	static
../Core/Src/gcodefuncs.c:49:6:GCode_Functions_Init	8	static
../Core/Src/gcodefuncs.c:80:13:QueueLinearMove	16	static
../Core/Src/gcodefuncs.c:104:6:ExtrusionLinearMv	16	static
../Core/Src/gcodefuncs.c:108:6:NonExtrusionLinearMv	16	static
../Core/Src/gcodefuncs.c:112:6:SetPos	16	static
../Core/Src/gcodefuncs.c:131:6:SetFanSpeed	16	static
../Core/Src/gcodefuncs.c:150:6:SetFanOff	8	static
../Core/Src/gcodefuncs.c:163:6:SetHotendTemperature	16	static
../Core/Src/gcodefuncs.c:175:6:SetFlowPercent	16	static
../Core/Src/gcodefuncs.c:184:6:SetBedTemp	16	static
../Core/Src/gcodefuncs.c:198:6:SetUnitsMM	8	static
../Core/Src/gcodefuncs.c:202:6:AutoHome	16	static
../Core/Src/gcodefuncs.c:220:6:AbsPos	8	static
../Core/Src/gcodefuncs.c:224:6:RelPos	8	static
../Core/Src/gcodefuncs.c:228:6:EAbsolute	8	static
../Core/Src/gcodefuncs.c:232:6:ERelative	8	static
../Core/Src/gcodefuncs.c:236:6:DisableSteppers	8	static
../Core/Src/gcodefuncs.c:244:6:WaitForHotendTemperature	16	static
../Core/Src/gcodefuncs.c:258:6:SetLCDMessage	16	static
../Core/Src/gcodefuncs.c:262:6:WaitForBedTemp	16	static
../Core/Src/gcodefuncs.c:274:6:SetStartAccel	16	static
../Core/Src/gcodefuncs.c:282:6:SetTool	16	static
../Core/Src/gcodefuncs.c:286:6:CmdNotFound	16	static
