../Core/Src/heater.c:62:13:set_pwm	24	static
../Core/Src/heater.c:83:23:check_faults	40	static
../Core/Src/heater.c:126:14:read_filtered_temp	32	static
../Core/Src/heater.c:183:13:update_debug_state	24	static
../Core/Src/heater.c:251:13:hotend_set_ready_sem	8	static
../Core/Src/heater.c:257:13:hotend_clear_ready_sem	8	static
../Core/Src/heater.c:270:13:hotend_set_state	16	static
../Core/Src/heater.c:279:23:hotend_get_state	16	static
../Core/Src/heater.c:290:13:hotend_update_outputs	24	static
../Core/Src/heater.c:308:13:hotend_handle_off_state	16	static
../Core/Src/heater.c:325:13:hotend_handle_init_state	16	static
../Core/Src/heater.c:344:13:hotend_handle_heating_state	16	static
../Core/Src/heater.c:366:13:hotend_handle_holding_state	16	static
../Core/Src/heater.c:389:13:hotend_handle_cooling_state	16	static
../Core/Src/heater.c:401:13:hotend_handle_fault_state	16	static
../Core/Src/heater.c:418:20:hotend_state_name	16	static
../Core/Src/heater.c:432:20:heater_fault_name	16	static
../Core/Src/heater.c:446:16:heater_has_hard_fault	32	static
../Core/Src/heater.c:458:13:hotend_debug_log	96	static
../Core/Src/heater.c:495:6:Heater_Init	48	static
../Core/Src/heater.c:511:6:Heater_InitWithSource	32	static
../Core/Src/heater.c:569:7:Heater_ReadTemp	16	static
../Core/Src/heater.c:575:6:Heater_GetTempInt	32	static
../Core/Src/heater.c:586:7:Heater_GetRawTemp	16	static
../Core/Src/heater.c:596:6:Heater_Update	72	static
../Core/Src/heater.c:718:6:Heater_SetTarget	16	static
../Core/Src/heater.c:728:6:Heater_Enable	16	static
../Core/Src/heater.c:744:7:Heater_GetTemp	16	static
../Core/Src/heater.c:750:7:Heater_GetTarget	16	static
../Core/Src/heater.c:756:9:Heater_GetPWM	16	static
../Core/Src/heater.c:762:10:Heater_GetRawADC	16	static
../Core/Src/heater.c:768:9:Heater_IsEnabled	16	static
../Core/Src/heater.c:774:9:Heater_AtTarget	32	static
../Core/Src/heater.c:786:9:Heater_HasFault	16	static
../Core/Src/heater.c:792:16:Heater_GetFaultLevel	16	static
../Core/Src/heater.c:798:6:Heater_ClearFault	16	static
../Core/Src/heater.c:805:6:Heater_GetDiagnostics	16	static
../Core/Src/heater.c:845:6:Heater_SetPWM	24	static
../Core/Src/heater.c:853:13:hotend_apply_command	16	static
../Core/Src/heater.c:866:6:Hotend_ModuleInit	64	static
../Core/Src/heater.c:893:6:Hotend_Task	16	static
