../Core/Src/main.c:189:5:main	72	static,ignoring_inline_asm
../Core/Src/main.c:811:6:SystemClock_Config	96	static
../Core/Src/main.c:852:13:MX_ADC1_Init	24	static
../Core/Src/main.c:908:13:MX_SPI1_Init	8	static
../Core/Src/main.c:948:13:MX_SPI3_Init	8	static
../Core/Src/main.c:985:13:MX_TIM2_Init	64	static
../Core/Src/main.c:1032:13:MX_TIM3_Init	64	static
../Core/Src/main.c:1092:13:MX_TIM4_Init	64	static
../Core/Src/main.c:1157:13:MX_TIM15_Init	120	static
../Core/Src/main.c:1233:13:MX_TIM16_Init	88	static
../Core/Src/main.c:1293:13:MX_TIM17_Init	88	static
../Core/Src/main.c:1353:13:MX_USART2_UART_Init	8	static
../Core/Src/main.c:1398:13:MX_GPIO_Init	56	static
../Core/Src/main.c:1645:6:RaiderForge_StartNormalRTOSTasks	8	static,ignoring_inline_asm
../Core/Src/main.c:1689:6:StartSDCardTask	16	static
../Core/Src/main.c:1694:6:StartHeaterTask	16	static
../Core/Src/main.c:1699:6:StartBedHeaterTask	16	static
../Core/Src/main.c:1706:6:StartPartFanTask	16	static
../Core/Src/main.c:1711:6:StartMotionTask	16	static
../Core/Src/main.c:1716:6:StartParserTask	16	static
../Core/Src/main.c:1728:6:StartLED1	24	static
../Core/Src/main.c:1757:6:StartDisplay	16	static
../Core/Src/main.c:1822:6:HAL_TIM_PeriodElapsedCallback	16	static
../Core/Src/main.c:1838:6:Error_Handler	8	static,ignoring_inline_asm
