../Core/Src/motion.c:23:6:Motion_Config_Init	16	static
../Core/Src/motion.c:38:6:Status_Init	16	static
../Core/Src/motion.c:47:6:Motors_Init	16	static
../Core/Src/motion.c:78:7:clamp_f	24	static
../Core/Src/motion.c:85:10:steps_per_sec	24	static
../Core/Src/motion.c:95:10:steps_from_distance	16	static
../Core/Src/motion.c:101:17:rounded_hz	24	static
../Core/Src/motion.c:115:17:clamp_e_freq	40	static
../Core/Src/motion.c:142:6:Motion_EvaluateExtruderPlan	120	static
../Core/Src/motion.c:238:13:motion_debug_e_anomaly	192	static
../Core/Src/motion.c:312:6:Motion_SetState	16	static
../Core/Src/motion.c:321:17:Motion_GetState	16	static
../Core/Src/motion.c:329:6:Motion_Move	208	static
../Core/Src/motion.c:461:6:Motion_Stop	16	static
../Core/Src/motion.c:485:6:Motion_Emergency_Stop	16	static
../Core/Src/motion.c:514:6:Motion_JogX	40	static
../Core/Src/motion.c:537:6:Motion_JogY	40	static
../Core/Src/motion.c:560:6:Motion_JogA	32	static
../Core/Src/motion.c:575:6:Motion_JogB	32	static
../Core/Src/motion.c:590:6:Motion_JogZ	32	static
../Core/Src/motion.c:607:6:Motion_JogStop	16	static
../Core/Src/motion.c:627:6:Motion_Task	48	static
