../Core/Src/stepper.c:31:13:write_en	16	static
../Core/Src/stepper.c:52:13:apply_pwm_frequency	24	static
../Core/Src/stepper.c:86:6:Stepper_Init	24	static
../Core/Src/stepper.c:136:6:Stepper_RegisterTimer	24	static
../Core/Src/stepper.c:204:6:Stepper_Enable	16	static
../Core/Src/stepper.c:222:6:Stepper_SetDir	16	static
../Core/Src/stepper.c:229:6:Stepper_Stop	16	static
../Core/Src/stepper.c:249:6:Stepper_Jog	16	static
../Core/Src/stepper.c:274:6:Stepper_MoveSteps	24	static
../Core/Src/stepper.c:315:13:arm_shared_pulse	24	static
../Core/Src/stepper.c:339:6:Stepper_MoveStepsSharedTimer	32	static
../Core/Src/stepper.c:412:9:Stepper_IsDone	16	static
../Core/Src/stepper.c:426:16:isr_step	16	static
../Core/Src/stepper.c:445:13:isr_step_shared	16	static
../Core/Src/stepper.c:461:6:Stepper_TIM1_UpdateISR	8	static
../Core/Src/stepper.c:469:6:Stepper_TIM3_UpdateISR	16	static
../Core/Src/stepper.c:495:6:Stepper_TIM15_UpdateISR	8	static
../Core/Src/stepper.c:507:6:Stepper_TIM17_UpdateISR	8	static
../Core/Src/stepper.c:523:6:Stepper_SetAcceleration	16	static
../Core/Src/stepper.c:528:6:Stepper_SetTargetSpeed	16	static
../Core/Src/stepper.c:534:6:Stepper_SetCountedSoftStart	16	static
../Core/Src/stepper.c:539:6:Stepper_Task	32	static
../Core/Src/stepper.c:572:9:Stepper_IsRunning	16	static
../Core/Src/stepper.c:580:10:Stepper_GetCurrentSpeed	16	static
../Core/Src/stepper.c:585:6:Stepper_SetSpeedRPM	16	static
../Core/Src/stepper.c:590:6:Stepper_ResetStepCount	16	static
../Core/Src/stepper.c:595:10:Stepper_GetStepCount	16	static
